<!doctype html public "-//w3c//dtd html 4.0 transitional//en">
<html><head>
<title>Static Call Graph - [.\Objects\kp.axf]</title></head>
<body><HR>
<H1>Static Call Graph for image .\Objects\kp.axf</H1><HR>
<BR><P>#&#060CALLGRAPH&#062# ARM Linker, 5060528: Last Updated: Fri Feb 12 05:54:01 2021
<BR><P>
<H3>Maximum Stack Usage =          0 bytes + Unknown(Functions without stacksize, Untraceable Function Pointers)</H3><H3>
Call chain for Maximum Stack Depth:</H3>

<P>
<H3>
Functions with no stack information
</H3><UL>
 <LI><a href="#[0]">Start_Init</a>
 <LI><a href="#[3]">RNG_IRQHandler</a>
 <LI><a href="#[1]">EXIT0_IRQHandler</a>
 <LI><a href="#[2]">TIM7_IRQHandler</a>
</UL>
</UL>
<P>
<H3>
Function Pointers
</H3><UL>
 <LI><a href="#[1]">EXIT0_IRQHandler</a> from kp.o(PROGRAM) referenced from kp.o(RESET)
 <LI><a href="#[3]">RNG_IRQHandler</a> from kp.o(PROGRAM) referenced from kp.o(RESET)
 <LI><a href="#[0]">Start_Init</a> from kp.o(PROGRAM) referenced from kp.o(RESET)
 <LI><a href="#[2]">TIM7_IRQHandler</a> from kp.o(PROGRAM) referenced from kp.o(RESET)
</UL>
<P>
<H3>
Global Symbols
</H3><P>
<H3>
Local Symbols
</H3>
<P><STRONG><a name="[0]"></a>Start_Init</STRONG> (Thumb, 0 bytes, Stack size unknown bytes, kp.o(PROGRAM))
<BR>[Address Reference Count : 1]<UL><LI> kp.o(RESET)
</UL>
<P><STRONG><a name="[3]"></a>RNG_IRQHandler</STRONG> (Thumb, 0 bytes, Stack size unknown bytes, kp.o(PROGRAM))
<BR>[Address Reference Count : 1]<UL><LI> kp.o(RESET)
</UL>
<P><STRONG><a name="[1]"></a>EXIT0_IRQHandler</STRONG> (Thumb, 0 bytes, Stack size unknown bytes, kp.o(PROGRAM))
<BR>[Address Reference Count : 1]<UL><LI> kp.o(RESET)
</UL>
<P><STRONG><a name="[2]"></a>TIM7_IRQHandler</STRONG> (Thumb, 0 bytes, Stack size unknown bytes, kp.o(PROGRAM))
<BR>[Address Reference Count : 1]<UL><LI> kp.o(RESET)
</UL><P>
<H3>
Undefined Global Symbols
</H3><HR></body></html>
