Component: ARM Compiler 5.06 update 5 (build 528) Tool: armlink [4d35e2]

==============================================================================

Section Cross References

    kp.o(RESET) refers to kp.o(SRAM1) for Stack_Top
    kp.o(RESET) refers to kp.o(PROGRAM) for Start_Init


==============================================================================

Image Symbol Table

    Local Symbols

    Symbol Name                              Value     Ov Type        Size  Object(Section)

    STM32F4xx.s                              0x00000000   Number         0  stm32f4xx.o ABSOLUTE
    kp.s                                     0x00000000   Number         0  kp.o ABSOLUTE
    RESET                                    0x08000000   Section      388  kp.o(RESET)
    PROGRAM                                  0x08000184   Section     1636  kp.o(PROGRAM)
    $v0                                      0x08000184   Number         0  kp.o(PROGRAM)
    Start_Init                               0x08000187   Thumb Code     0  kp.o(PROGRAM)
    RNG_IRQHandler                           0x080002a1   Thumb Code     0  kp.o(PROGRAM)
    EXIT0_IRQHandler                         0x0800039f   Thumb Code     0  kp.o(PROGRAM)
    TIM7_IRQHandler                          0x080005a7   Thumb Code     0  kp.o(PROGRAM)
    SRAM1                                    0x20000000   Section     1024  kp.o(SRAM1)
    Stack_Top                                0x20000400   Data           0  kp.o(SRAM1)

    Global Symbols

    Symbol Name                              Value     Ov Type        Size  Object(Section)

    BuildAttributes$$THM_ISAv4$E$P$D$K$B$S$7EM$VFPi3$EXTD16$VFPS$VFMA$PE$A:L22UL41UL21$X:L11$S22US41US21$IEEE1$IW$USESV6$~STKCKD$USESV7$~SHL$OSPACE$EBA8$STANDARDLIB$PRES8$EABIv2 0x00000000   Number         0  anon$$obj.o ABSOLUTE



==============================================================================

Memory Map of the image

  Image Entry point : 0x08000185

  Load Region LR_IROM1 (Base: 0x08000000, Size: 0x000007e8, Max: 0x00100000, ABSOLUTE)

    Execution Region ER_IROM1 (Exec base: 0x08000000, Load base: 0x08000000, Size: 0x000007e8, Max: 0x00100000, ABSOLUTE)

    Exec Addr    Load Addr    Size         Type   Attr      Idx    E Section Name        Object

    0x08000000   0x08000000   0x00000184   Data   RO            2    RESET               kp.o
    0x08000184   0x08000184   0x00000664   Code   RO            3  * PROGRAM             kp.o


    Execution Region RW_IRAM1 (Exec base: 0x20000000, Load base: 0x080007e8, Size: 0x00000400, Max: 0x00020000, ABSOLUTE)

    Exec Addr    Load Addr    Size         Type   Attr      Idx    E Section Name        Object

    0x20000000        -       0x00000400   Zero   RW            1    SRAM1               kp.o


==============================================================================

Image component sizes


      Code (inc. data)   RO Data    RW Data    ZI Data      Debug   Object Name

      1636         18        388          0       1024        792   kp.o

    ----------------------------------------------------------------------
      1636         18        388          0       1024        792   Object Totals
         0          0          0          0          0          0   (incl. Generated)
         0          0          0          0          0          0   (incl. Padding)

    ----------------------------------------------------------------------
         0          0          0          0          0          0   Library Totals
         0          0          0          0          0          0   (incl. Padding)

    ----------------------------------------------------------------------

==============================================================================


      Code (inc. data)   RO Data    RW Data    ZI Data      Debug   

      1636         18        388          0       1024        792   Grand Totals
      1636         18        388          0       1024        792   ELF Image Totals
      1636         18        388          0          0          0   ROM Totals

==============================================================================

    Total RO  Size (Code + RO Data)                 2024 (   1.98kB)
    Total RW  Size (RW Data + ZI Data)              1024 (   1.00kB)
    Total ROM Size (Code + RO Data + RW Data)       2024 (   1.98kB)

==============================================================================

